// Jest Snapshot v1, https://goo.gl/fbAQLP

exports[`App component renders App 1`] = `
<DocumentFragment>
  <h1>
    Animal Crossing
  </h1>
  <div
    class="list"
  >
    <h3>
      Villagers from the village
    </h3>
    <ul
      aria-label="villagers"
    >
      List of the villagers.
    </ul>
  </div>
</DocumentFragment>
`;
