// Jest Snapshot v1, https://goo.gl/fbAQLP

exports[`App component renders App 1`] = `
<DocumentFragment>
  <h1>
    Animal Crossing
  </h1>
  <div
    class="list"
  >
    <h3>
      Villagers from the village
    </h3>
    <ul
      aria-label="villagers"
    >
      <li>
        <h3>
          Apple
        </h3>
        <img
          alt="Apple"
          src="test"
        />
        <p>
          test
        </p>
        <p>
          old
        </p>
        <p>
          fast
        </p>
        <p>
          atta boy
        </p>
      </li>
    </ul>
  </div>
</DocumentFragment>
`;
